// Jest Snapshot v1, https://goo.gl/fbAQLP

exports[`Exports of the main entry should be stable 1`] = `
Array [
  "Cohort",
  "abort",
  "asObserver",
  "asUnclosable",
  "asc",
  "close",
  "collectProps",
  "compare",
  "composeComparators",
  "createIterable",
  "delay",
  "desc",
  "filterProps",
  "getDoneItem",
  "getIterator",
  "getRecursiveMapper",
  "hasOwnProps",
  "identity",
  "isArrayBuffer",
  "isBoolean",
  "isCoroutine",
  "isDate",
  "isDefined",
  "isError",
  "isFalsy",
  "isFunction",
  "isIterable",
  "isIterator",
  "isMap",
  "isNegative",
  "isNegativeOrZero",
  "isNull",
  "isNullish",
  "isNumber",
  "isNumberValue",
  "isObject",
  "isObjectValue",
  "isObserver",
  "isPlainObject",
  "isPositive",
  "isPositiveOrZero",
  "isRegExp",
  "isSet",
  "isString",
  "isSymbol",
  "isTruthy",
  "isUndefined",
  "isWeakMap",
  "isWeakSet",
  "mapKeys",
  "mapValues",
  "negate",
  "noop",
  "not",
  "peekIterable",
  "reduceProps",
  "rethrow",
  "unwrapPromise",
  "wait",
]
`;
