// Jest Snapshot v1, https://goo.gl/fbAQLP

exports[`getObjectType 1`] = `
Array [
  "Undefined",
  "Boolean",
  "Boolean",
  "Number",
  "Number",
  "Number",
  "String",
  "String",
  "Symbol",
  "Null",
  "Object",
  "Object",
  "Array",
  "Array",
  "Function",
  "RegExp",
  "Map",
  "Set",
  "WeakMap",
  "WeakSet",
  "ArrayBuffer",
  "Int32Array",
  "Error",
  "Date",
  "GeneratorFunction",
  "Generator",
  "Object",
  "Object",
  "Object",
  "Object",
  "Object",
  "Number",
  "Number",
  "Number",
  "Function",
  "Object",
  "Object",
  "Number",
  "Number",
  "Number",
  "AsyncFunction",
]
`;
