// Jest Snapshot v1, https://goo.gl/fbAQLP

exports[`Push exports of the main "push" entry should be stable 1`] = `
Array [
  "append",
  "average",
  "buffer",
  "bufferAll",
  "chunk",
  "collect",
  "collectArray",
  "collectMap",
  "collectObject",
  "collectSet",
  "compact",
  "composeOperations",
  "concatEnd",
  "concatStart",
  "count",
  "difference",
  "differenceBy",
  "every",
  "filter",
  "find",
  "findIndex",
  "first",
  "flatMap",
  "flatten",
  "flattenArrays",
  "flattenIterables",
  "forEach",
  "groupBy",
  "includes",
  "interleave",
  "intersection",
  "intersectionBy",
  "join",
  "last",
  "map",
  "max",
  "min",
  "nth",
  "orderBy",
  "prepend",
  "push",
  "pushArray",
  "pushLine",
  "pushValue",
  "reduce",
  "remove",
  "reverse",
  "skip",
  "skipWhile",
  "some",
  "sort",
  "sortNumbers",
  "sortStrings",
  "sum",
  "symmetricDifference",
  "symmetricDifferenceBy",
  "take",
  "takeWhile",
  "toArray",
  "toConsumer",
  "toNull",
  "toValue",
  "union",
  "unionBy",
  "unique",
  "uniqueBy",
  "unzip",
  "unzipWith",
  "zip",
  "zipWith",
]
`;
